
/home/runner/work/exp-rank-nullity-dei/exp-rank-nullity-dei/experiment/simulation/js/script.js
   1:10   warning  'smatrix' is defined but never used              no-unused-vars
   3:9    warning  'val1' is assigned a value but never used        no-unused-vars
   3:16   warning  'matrix_0_0' is not defined                      no-undef
   4:9    warning  'val2' is assigned a value but never used        no-unused-vars
   4:16   warning  'matrix_0_1' is not defined                      no-undef
   5:9    warning  'val3' is assigned a value but never used        no-unused-vars
   5:16   warning  'matrix_0_2' is not defined                      no-undef
   6:9    warning  'val4' is assigned a value but never used        no-unused-vars
   6:16   warning  'matrix_1_0' is not defined                      no-undef
   7:9    warning  'val5' is assigned a value but never used        no-unused-vars
   7:16   warning  'matrix_1_2' is not defined                      no-undef
   8:9    warning  'val6' is assigned a value but never used        no-unused-vars
   8:16   warning  'matrix_1_1' is not defined                      no-undef
  23:142  warning  'matrix_0_0' is not defined                      no-undef
  23:159  warning  'matrix_0_2' is not defined                      no-undef
  23:178  warning  'matrix_0_1' is not defined                      no-undef
  23:201  warning  'matrix_1_0' is not defined                      no-undef
  23:218  warning  'matrix_1_2' is not defined                      no-undef
  23:236  warning  'matrix_1_1' is not defined                      no-undef
  24:7    warning  'MathJax' is not defined                         no-undef
  24:37   warning  'MathJax' is not defined                         no-undef
  32:10   warning  'calculateRank' is defined but never used        no-unused-vars
  50:15   warning  'nullity' is assigned a value but never used     no-unused-vars
  52:9    warning  'matrix_0_1' is not defined                      no-undef
  53:9    warning  'matrix_0_2' is not defined                      no-undef
  54:9    warning  'matrix_1_0' is not defined                      no-undef
  55:9    warning  'matrix_1_2' is not defined                      no-undef
  56:9    warning  'matrix_1_1' is not defined                      no-undef
  63:91   warning  'matrix_1_0' is not defined                      no-undef
  63:119  warning  'matrix_0_2' is not defined                      no-undef
  63:138  warning  'matrix_1_2' is not defined                      no-undef
  63:165  warning  'matrix_0_1' is not defined                      no-undef
  63:184  warning  'matrix_1_1' is not defined                      no-undef
  64:88   warning  'matrix_0_2' is not defined                      no-undef
  64:108  warning  'matrix_0_1' is not defined                      no-undef
  64:138  warning  'matrix_1_0' is not defined                      no-undef
  64:157  warning  'matrix_1_2' is not defined                      no-undef
  64:177  warning  'matrix_1_1' is not defined                      no-undef
  69:10   warning  'showexp' is defined but never used              no-unused-vars
  87:15   warning  'nullity' is assigned a value but never used     no-unused-vars
  88:7    warning  'matrix_0_0' is assigned a value but never used  no-unused-vars
  89:9    warning  'matrix_0_1' is not defined                      no-undef
  90:9    warning  'matrix_0_2' is not defined                      no-undef
  91:9    warning  'matrix_1_0' is not defined                      no-undef
  92:9    warning  'matrix_1_2' is not defined                      no-undef
  93:9    warning  'matrix_1_1' is not defined                      no-undef

/home/runner/work/exp-rank-nullity-dei/exp-rank-nullity-dei/experiment/simulation/js/script2.js
    2:11  warning  'sameresult' is defined but never used       no-unused-vars
   12:11  warning  'differentresult' is defined but never used  no-unused-vars
   21:11  warning  'checkSelection' is defined but never used   no-unused-vars
   42:11  warning  'checkSelection2' is defined but never used  no-unused-vars
   61:11  warning  'selectRank' is defined but never used       no-unused-vars
   79:11  warning  'selectRange' is defined but never used      no-unused-vars
  102:11  warning  'checkAnswer1' is defined but never used     no-unused-vars
  124:10  warning  'checkAnswer2' is defined but never used     no-unused-vars
  143:10  warning  'checkAnswer3' is defined but never used     no-unused-vars

✖ 55 problems (0 errors, 55 warnings)

